Creating 000000000000000000000000000000D0
Creating 000000000000000000000000000000D1
Creating 000000000000000000000000000000D2
Creating 000000000000000000000000000000D3
Creating 000000000000000000000000000000D4
Creating 000000000000000000000000000000D5
Creating 000000000000000000000000000000D6
Creating 000000000000000000000000000000D7
Creating 000000000000000000000000000000D8
Creating 000000000000000000000000000000D9
Creating 000000000000000000000000000000D10
Creating 000000000000000000000000000000D11
Creating 000000000000000000000000000000D12
Creating 000000000000000000000000000000D13
Creating 000000000000000000000000000000D14
Creating 000000000000000000000000000000D15
Creating 000000000000000000000000000000D16
Creating 000000000000000000000000000000D17
Creating 000000000000000000000000000000D18
Creating 000000000000000000000000000000D19
Creating 000000000000000000000000000000D20
Creating /000000000000000000000000000000D0/source.q
Creating /000000000000000000000000000000D1/source.q
Creating /000000000000000000000000000000D2/source.q
Creating /000000000000000000000000000000D3/source.q
Creating /000000000000000000000000000000D4/source.q
Creating /000000000000000000000000000000D5/source.q
Creating /000000000000000000000000000000D6/source.q
Creating /000000000000000000000000000000D7/source.q
Creating /000000000000000000000000000000D8/source.q
Creating /000000000000000000000000000000D9/source.q
Creating /000000000000000000000000000000D10/source.q
Creating /000000000000000000000000000000D11/source.q
Creating /000000000000000000000000000000D12/source.q
Creating /000000000000000000000000000000D13/source.q
Creating /000000000000000000000000000000D14/source.q
Creating /000000000000000000000000000000D15/source.q
Creating /000000000000000000000000000000D16/source.q
Creating /000000000000000000000000000000D17/source.q
Creating /000000000000000000000000000000D18/source.q
Creating /000000000000000000000000000000D19/source.q
Creating /000000000000000000000000000000D20/source.q
